
include services/kubernetes/etc/help.mk
include services/kubernetes/etc/cli.mk

.PHONY: all
all: services configurations ##@setup deploy everything

.PHONY: deploy
deploy: services configurations ##@setup apply all applications and configurations

.PHONY: services
services: ##@setup apply all applications

.PHONY: configurations
configurations: ##@setup apply all configurations
