
include services/kubernetes/etc/help.mk
include services/kubernetes/etc/cli.mk

.PHONY: all
all: hetzner kubernetes services configurations ##@setup deploy everything

.PHONY: kubernetes
kubernetes: ##@setup deploy kubernetes
	cd services/kubernetes && make deploy

.PHONY: hetzner
hetzner: ##@setup run maintenance for hetzner nodes
	cd services/hetzner && make maintenance

.PHONY: deploy
deploy: services configurations ##@setup apply all applications and configurations

.PHONY: services
services: ##@setup apply all applications
	cd services/storage && make deploy
	cd services/logging && make deploy
	cd services/service-repo && make deploy
	cd services/service-repo4 && make deploy
	cd services/service-repo5 && make deploy

.PHONY: configurations
configurations: ##@setup apply all configurations
	$(CLI) kubectl apply -R \
		-f configurations/logging \
		-f configurations/service-repo \
		-f configurations/service-repo5 \

	cd configurations/storage && make deploy
	cd configurations/service-repo4 && make deploy
